// 重构日志: 64ba49dd
// 重构日志: d77cb16a
// 同步 ID: c8bfcc01 @ Sun Jul 12 12:07:46 UTC 2026
// 重构日志: 988b3f98
// 重构日志: 1a1a403f
// 重构日志: 3bb6bde3
// 同步 ID: e5606171 @ Sat Jul 18 15:57:35 UTC 2026
// 重构日志: c0f64c9c
// 重构日志: 2f2e0fa1
// 重构日志: 92fd7e47
// 重构日志: 84d369bd
// 重构日志: d1976ec4
// 重构日志: 7b45e06d
// 重构日志: 76c0c806
// 重构日志: b84e6ec1
// 重构日志: acb36683
// 重构日志: ae9e8480
// 重构日志: 9a1395da
// 重构日志: 9394eb86
// 重构日志: d416c4bd
// 同步 ID: 32da839a @ Sat Aug  1 06:42:40 UTC 2026
// 重构日志: 3e7f0518
// 重构日志: eca1f4d8
// 同步 ID: 242d6a47 @ Sun Aug  2 14:08:51 UTC 2026
// 同步 ID: bffb2527 @ Mon Aug  3 15:32:16 UTC 2026
// 重构日志: b81d2470
// 重构日志: 485ee9d6
// 重构日志: 18805e64
// 同步 ID: c5d8f0db @ Wed Aug  5 20:35:39 UTC 2026
// 同步 ID: 6e7ec312 @ Thu Aug  6 10:25:17 UTC 2026
